The system is: Darwin - 25.0.0 - x86_64
Compiling the C compiler identification source file "CMakeCCompilerId.c" succeeded.
Compiler: /Library/Developer/CommandLineTools/usr/bin/cc 
Build flags: 
Id flags: -c 

The output was:
0


Compilation of the C compiler identification source "CMakeCCompilerId.c" produced "CMakeCCompilerId.o"

The C compiler identification is AppleClang, found in "/Volumes/Mac Ds/Users/mac/code/github/vk/Vulkan-Samples/build_android/CMakeFiles/3.25.2/CompilerIdC/CMakeCCompilerId.o"

Compiling the CXX compiler identification source file "CMakeCXXCompilerId.cpp" succeeded.
Compiler: /Library/Developer/CommandLineTools/usr/bin/c++ 
Build flags: 
Id flags: -c 

The output was:
0


Compilation of the CXX compiler identification source "CMakeCXXCompilerId.cpp" produced "CMakeCXXCompilerId.o"

The CXX compiler identification is AppleClang, found in "/Volumes/Mac Ds/Users/mac/code/github/vk/Vulkan-Samples/build_android/CMakeFiles/3.25.2/CompilerIdCXX/CMakeCXXCompilerId.o"

Detecting C compiler ABI info compiled with the following output:
Change Dir: /Volumes/Mac Ds/Users/mac/code/github/vk/Vulkan-Samples/build_android/CMakeFiles/CMakeScratch/TryCompile-jjFoTd

Run Build Command(s):/usr/bin/make -f Makefile cmTC_fe3f6/fast && /Library/Developer/CommandLineTools/usr/bin/make  -f CMakeFiles/cmTC_fe3f6.dir/build.make CMakeFiles/cmTC_fe3f6.dir/build
Building C object CMakeFiles/cmTC_fe3f6.dir/CMakeCCompilerABI.c.o
/Library/Developer/CommandLineTools/usr/bin/cc   -arch x86_64 -isysroot /Library/Developer/CommandLineTools/SDKs/MacOSX26.2.sdk -mmacosx-version-min=26.0   -v -Wl,-v -MD -MT CMakeFiles/cmTC_fe3f6.dir/CMakeCCompilerABI.c.o -MF CMakeFiles/cmTC_fe3f6.dir/CMakeCCompilerABI.c.o.d -o CMakeFiles/cmTC_fe3f6.dir/CMakeCCompilerABI.c.o -c /usr/local/Cellar/cmake/3.25.2/share/cmake/Modules/CMakeCCompilerABI.c
Apple clang version 17.0.0 (clang-1700.6.3.2)
Target: x86_64-apple-darwin25.0.0
Thread model: posix
InstalledDir: /Library/Developer/CommandLineTools/usr/bin
cc: warning: -Wl,-v: 'linker' input unused [-Wunused-command-line-argument]
 "/Library/Developer/CommandLineTools/usr/bin/clang" -cc1 -triple x86_64-apple-macosx26.0.0 -Wundef-prefix=TARGET_OS_ -Wdeprecated-objc-isa-usage -Werror=deprecated-objc-isa-usage -Werror=implicit-function-declaration -emit-obj -disable-free -clear-ast-before-backend -disable-llvm-verifier -discard-value-names -main-file-name CMakeCCompilerABI.c -mrelocation-model pic -pic-level 2 -mframe-pointer=all -fno-strict-return -ffp-contract=on -fno-rounding-math -funwind-tables=2 -target-sdk-version=26.2 -fvisibility-inlines-hidden-static-local-var -fdefine-target-os-macros -fno-assume-unique-vtables -fno-modulemap-allow-subdirectory-search -target-cpu penryn -tune-cpu generic -debugger-tuning=lldb "-fdebug-compilation-dir=/Volumes/Mac Ds/Users/mac/code/github/vk/Vulkan-Samples/build_android/CMakeFiles/CMakeScratch/TryCompile-jjFoTd" -target-linker-version 1230.1 -v "-fcoverage-compilation-dir=/Volumes/Mac Ds/Users/mac/code/github/vk/Vulkan-Samples/build_android/CMakeFiles/CMakeScratch/TryCompile-jjFoTd" -resource-dir /Library/Developer/CommandLineTools/usr/lib/clang/17 -dependency-file CMakeFiles/cmTC_fe3f6.dir/CMakeCCompilerABI.c.o.d -skip-unused-modulemap-deps -MT CMakeFiles/cmTC_fe3f6.dir/CMakeCCompilerABI.c.o -sys-header-deps -isysroot /Library/Developer/CommandLineTools/SDKs/MacOSX26.2.sdk -internal-isystem /Library/Developer/CommandLineTools/SDKs/MacOSX26.2.sdk/usr/local/include -internal-isystem /Library/Developer/CommandLineTools/usr/lib/clang/17/include -internal-externc-isystem /Library/Developer/CommandLineTools/SDKs/MacOSX26.2.sdk/usr/include -internal-externc-isystem /Library/Developer/CommandLineTools/usr/include -internal-iframework /Library/Developer/CommandLineTools/SDKs/MacOSX26.2.sdk/System/Library/Frameworks -internal-iframework /Library/Developer/CommandLineTools/SDKs/MacOSX26.2.sdk/System/Library/SubFrameworks -internal-iframework /Library/Developer/CommandLineTools/SDKs/MacOSX26.2.sdk/Library/Frameworks -Wno-reorder-init-list -Wno-implicit-int-float-conversion -Wno-c99-designator -Wno-final-dtor-non-final-class -Wno-extra-semi-stmt -Wno-misleading-indentation -Wno-quoted-include-in-framework-header -Wno-implicit-fallthrough -Wno-enum-enum-conversion -Wno-enum-float-conversion -Wno-elaborated-enum-base -ferror-limit 19 -stack-protector 1 -fstack-check -mdarwin-stkchk-strong-link -fblocks -fencode-extended-block-signature -fregister-global-dtors-with-atexit -fgnuc-version=4.2.1 -fskip-odr-check-in-gmf -fmax-type-align=16 -fcommon -clang-vendor-feature=+disableNonDependentMemberExprInCurrentInstantiation -fno-odr-hash-protocols -clang-vendor-feature=+enableAggressiveVLAFolding -clang-vendor-feature=+revert09abecef7bbf -clang-vendor-feature=+thisNoAlignAttr -clang-vendor-feature=+thisNoNullAttr -clang-vendor-feature=+disableAtImportPrivateFrameworkInImplementationError -D__GCC_HAVE_DWARF2_CFI_ASM=1 -o CMakeFiles/cmTC_fe3f6.dir/CMakeCCompilerABI.c.o -x c /usr/local/Cellar/cmake/3.25.2/share/cmake/Modules/CMakeCCompilerABI.c
clang -cc1 version 17.0.0 (clang-1700.6.3.2) default target x86_64-apple-darwin25.0.0
ignoring nonexistent directory "/Library/Developer/CommandLineTools/SDKs/MacOSX26.2.sdk/usr/local/include"
ignoring nonexistent directory "/Library/Developer/CommandLineTools/SDKs/MacOSX26.2.sdk/Library/Frameworks"
#include "..." search starts here:
#include <...> search starts here:
 /Library/Developer/CommandLineTools/usr/lib/clang/17/include
 /Library/Developer/CommandLineTools/SDKs/MacOSX26.2.sdk/usr/include
 /Library/Developer/CommandLineTools/usr/include
 /Library/Developer/CommandLineTools/SDKs/MacOSX26.2.sdk/System/Library/Frameworks (framework directory)
 /Library/Developer/CommandLineTools/SDKs/MacOSX26.2.sdk/System/Library/SubFrameworks (framework directory)
End of search list.
Linking C executable cmTC_fe3f6
/usr/local/Cellar/cmake/3.25.2/bin/cmake -E cmake_link_script CMakeFiles/cmTC_fe3f6.dir/link.txt --verbose=1
/Library/Developer/CommandLineTools/usr/bin/cc  -arch x86_64 -isysroot /Library/Developer/CommandLineTools/SDKs/MacOSX26.2.sdk -mmacosx-version-min=26.0 -Wl,-search_paths_first -Wl,-headerpad_max_install_names  -v -Wl,-v CMakeFiles/cmTC_fe3f6.dir/CMakeCCompilerABI.c.o -o cmTC_fe3f6 
Apple clang version 17.0.0 (clang-1700.6.3.2)
Target: x86_64-apple-darwin25.0.0
Thread model: posix
InstalledDir: /Library/Developer/CommandLineTools/usr/bin
 "/Library/Developer/CommandLineTools/usr/bin/ld" -demangle -lto_library /Library/Developer/CommandLineTools/usr/lib/libLTO.dylib -dynamic -arch x86_64 -platform_version macos 26.0.0 26.2 -syslibroot /Library/Developer/CommandLineTools/SDKs/MacOSX26.2.sdk -mllvm -enable-linkonceodr-outlining -o cmTC_fe3f6 -search_paths_first -headerpad_max_install_names -v CMakeFiles/cmTC_fe3f6.dir/CMakeCCompilerABI.c.o -lSystem /Library/Developer/CommandLineTools/usr/lib/clang/17/lib/darwin/libclang_rt.osx.a
@(#)PROGRAM:ld PROJECT:ld-1230.1
BUILD 06:35:00 Dec  2 2025
configured to support archs: armv6 armv7 armv7s arm64 arm64e arm64_32 i386 x86_64 x86_64h armv6m armv7k armv7m armv7em armv8m.main armv8.1m.main
will use ld-classic for: armv6 armv7 armv7s i386 armv6m armv7k armv7m armv7em
LTO support using: LLVM version 17.0.0 (static support for 29, runtime is 29)
TAPI support using: Apple TAPI version 17.0.0 (tapi-1700.3.8)
Library search paths:
	/Library/Developer/CommandLineTools/SDKs/MacOSX26.2.sdk/usr/lib
	/Library/Developer/CommandLineTools/SDKs/MacOSX26.2.sdk/usr/lib/swift
Framework search paths:
	/Library/Developer/CommandLineTools/SDKs/MacOSX26.2.sdk/System/Library/Frameworks



Parsed C implicit include dir info from above output: rv=done
  found start of include info
  found start of implicit include info
    add: [/Library/Developer/CommandLineTools/usr/lib/clang/17/include]
    add: [/Library/Developer/CommandLineTools/SDKs/MacOSX26.2.sdk/usr/include]
    add: [/Library/Developer/CommandLineTools/usr/include]
  end of search list found
  collapse include dir [/Library/Developer/CommandLineTools/usr/lib/clang/17/include] ==> [/Library/Developer/CommandLineTools/usr/lib/clang/17/include]
  collapse include dir [/Library/Developer/CommandLineTools/SDKs/MacOSX26.2.sdk/usr/include] ==> [/Library/Developer/CommandLineTools/SDKs/MacOSX26.2.sdk/usr/include]
  collapse include dir [/Library/Developer/CommandLineTools/usr/include] ==> [/Library/Developer/CommandLineTools/usr/include]
  implicit include dirs: [/Library/Developer/CommandLineTools/usr/lib/clang/17/include;/Library/Developer/CommandLineTools/SDKs/MacOSX26.2.sdk/usr/include;/Library/Developer/CommandLineTools/usr/include]


Parsed C implicit link information from above output:
  link line regex: [^( *|.*[/\])(ld|CMAKE_LINK_STARTFILE-NOTFOUND|([^/\]+-)?ld|collect2)[^/\]*( |$)]
  ignore line: [Change Dir: /Volumes/Mac Ds/Users/mac/code/github/vk/Vulkan-Samples/build_android/CMakeFiles/CMakeScratch/TryCompile-jjFoTd]
  ignore line: []
  ignore line: [Run Build Command(s):/usr/bin/make -f Makefile cmTC_fe3f6/fast && /Library/Developer/CommandLineTools/usr/bin/make  -f CMakeFiles/cmTC_fe3f6.dir/build.make CMakeFiles/cmTC_fe3f6.dir/build]
  ignore line: [Building C object CMakeFiles/cmTC_fe3f6.dir/CMakeCCompilerABI.c.o]
  ignore line: [/Library/Developer/CommandLineTools/usr/bin/cc   -arch x86_64 -isysroot /Library/Developer/CommandLineTools/SDKs/MacOSX26.2.sdk -mmacosx-version-min=26.0   -v -Wl -v -MD -MT CMakeFiles/cmTC_fe3f6.dir/CMakeCCompilerABI.c.o -MF CMakeFiles/cmTC_fe3f6.dir/CMakeCCompilerABI.c.o.d -o CMakeFiles/cmTC_fe3f6.dir/CMakeCCompilerABI.c.o -c /usr/local/Cellar/cmake/3.25.2/share/cmake/Modules/CMakeCCompilerABI.c]
  ignore line: [Apple clang version 17.0.0 (clang-1700.6.3.2)]
  ignore line: [Target: x86_64-apple-darwin25.0.0]
  ignore line: [Thread model: posix]
  ignore line: [InstalledDir: /Library/Developer/CommandLineTools/usr/bin]
  ignore line: [cc: warning: -Wl -v: 'linker' input unused [-Wunused-command-line-argument]]
  ignore line: [ "/Library/Developer/CommandLineTools/usr/bin/clang" -cc1 -triple x86_64-apple-macosx26.0.0 -Wundef-prefix=TARGET_OS_ -Wdeprecated-objc-isa-usage -Werror=deprecated-objc-isa-usage -Werror=implicit-function-declaration -emit-obj -disable-free -clear-ast-before-backend -disable-llvm-verifier -discard-value-names -main-file-name CMakeCCompilerABI.c -mrelocation-model pic -pic-level 2 -mframe-pointer=all -fno-strict-return -ffp-contract=on -fno-rounding-math -funwind-tables=2 -target-sdk-version=26.2 -fvisibility-inlines-hidden-static-local-var -fdefine-target-os-macros -fno-assume-unique-vtables -fno-modulemap-allow-subdirectory-search -target-cpu penryn -tune-cpu generic -debugger-tuning=lldb "-fdebug-compilation-dir=/Volumes/Mac Ds/Users/mac/code/github/vk/Vulkan-Samples/build_android/CMakeFiles/CMakeScratch/TryCompile-jjFoTd" -target-linker-version 1230.1 -v "-fcoverage-compilation-dir=/Volumes/Mac Ds/Users/mac/code/github/vk/Vulkan-Samples/build_android/CMakeFiles/CMakeScratch/TryCompile-jjFoTd" -resource-dir /Library/Developer/CommandLineTools/usr/lib/clang/17 -dependency-file CMakeFiles/cmTC_fe3f6.dir/CMakeCCompilerABI.c.o.d -skip-unused-modulemap-deps -MT CMakeFiles/cmTC_fe3f6.dir/CMakeCCompilerABI.c.o -sys-header-deps -isysroot /Library/Developer/CommandLineTools/SDKs/MacOSX26.2.sdk -internal-isystem /Library/Developer/CommandLineTools/SDKs/MacOSX26.2.sdk/usr/local/include -internal-isystem /Library/Developer/CommandLineTools/usr/lib/clang/17/include -internal-externc-isystem /Library/Developer/CommandLineTools/SDKs/MacOSX26.2.sdk/usr/include -internal-externc-isystem /Library/Developer/CommandLineTools/usr/include -internal-iframework /Library/Developer/CommandLineTools/SDKs/MacOSX26.2.sdk/System/Library/Frameworks -internal-iframework /Library/Developer/CommandLineTools/SDKs/MacOSX26.2.sdk/System/Library/SubFrameworks -internal-iframework /Library/Developer/CommandLineTools/SDKs/MacOSX26.2.sdk/Library/Frameworks -Wno-reorder-init-list -Wno-implicit-int-float-conversion -Wno-c99-designator -Wno-final-dtor-non-final-class -Wno-extra-semi-stmt -Wno-misleading-indentation -Wno-quoted-include-in-framework-header -Wno-implicit-fallthrough -Wno-enum-enum-conversion -Wno-enum-float-conversion -Wno-elaborated-enum-base -ferror-limit 19 -stack-protector 1 -fstack-check -mdarwin-stkchk-strong-link -fblocks -fencode-extended-block-signature -fregister-global-dtors-with-atexit -fgnuc-version=4.2.1 -fskip-odr-check-in-gmf -fmax-type-align=16 -fcommon -clang-vendor-feature=+disableNonDependentMemberExprInCurrentInstantiation -fno-odr-hash-protocols -clang-vendor-feature=+enableAggressiveVLAFolding -clang-vendor-feature=+revert09abecef7bbf -clang-vendor-feature=+thisNoAlignAttr -clang-vendor-feature=+thisNoNullAttr -clang-vendor-feature=+disableAtImportPrivateFrameworkInImplementationError -D__GCC_HAVE_DWARF2_CFI_ASM=1 -o CMakeFiles/cmTC_fe3f6.dir/CMakeCCompilerABI.c.o -x c /usr/local/Cellar/cmake/3.25.2/share/cmake/Modules/CMakeCCompilerABI.c]
  ignore line: [clang -cc1 version 17.0.0 (clang-1700.6.3.2) default target x86_64-apple-darwin25.0.0]
  ignore line: [ignoring nonexistent directory "/Library/Developer/CommandLineTools/SDKs/MacOSX26.2.sdk/usr/local/include"]
  ignore line: [ignoring nonexistent directory "/Library/Developer/CommandLineTools/SDKs/MacOSX26.2.sdk/Library/Frameworks"]
  ignore line: [#include "..." search starts here:]
  ignore line: [#include <...> search starts here:]
  ignore line: [ /Library/Developer/CommandLineTools/usr/lib/clang/17/include]
  ignore line: [ /Library/Developer/CommandLineTools/SDKs/MacOSX26.2.sdk/usr/include]
  ignore line: [ /Library/Developer/CommandLineTools/usr/include]
  ignore line: [ /Library/Developer/CommandLineTools/SDKs/MacOSX26.2.sdk/System/Library/Frameworks (framework directory)]
  ignore line: [ /Library/Developer/CommandLineTools/SDKs/MacOSX26.2.sdk/System/Library/SubFrameworks (framework directory)]
  ignore line: [End of search list.]
  ignore line: [Linking C executable cmTC_fe3f6]
  ignore line: [/usr/local/Cellar/cmake/3.25.2/bin/cmake -E cmake_link_script CMakeFiles/cmTC_fe3f6.dir/link.txt --verbose=1]
  ignore line: [/Library/Developer/CommandLineTools/usr/bin/cc  -arch x86_64 -isysroot /Library/Developer/CommandLineTools/SDKs/MacOSX26.2.sdk -mmacosx-version-min=26.0 -Wl -search_paths_first -Wl -headerpad_max_install_names  -v -Wl -v CMakeFiles/cmTC_fe3f6.dir/CMakeCCompilerABI.c.o -o cmTC_fe3f6 ]
  ignore line: [Apple clang version 17.0.0 (clang-1700.6.3.2)]
  ignore line: [Target: x86_64-apple-darwin25.0.0]
  ignore line: [Thread model: posix]
  ignore line: [InstalledDir: /Library/Developer/CommandLineTools/usr/bin]
  link line: [ "/Library/Developer/CommandLineTools/usr/bin/ld" -demangle -lto_library /Library/Developer/CommandLineTools/usr/lib/libLTO.dylib -dynamic -arch x86_64 -platform_version macos 26.0.0 26.2 -syslibroot /Library/Developer/CommandLineTools/SDKs/MacOSX26.2.sdk -mllvm -enable-linkonceodr-outlining -o cmTC_fe3f6 -search_paths_first -headerpad_max_install_names -v CMakeFiles/cmTC_fe3f6.dir/CMakeCCompilerABI.c.o -lSystem /Library/Developer/CommandLineTools/usr/lib/clang/17/lib/darwin/libclang_rt.osx.a]
    arg [/Library/Developer/CommandLineTools/usr/bin/ld] ==> ignore
    arg [-demangle] ==> ignore
    arg [-lto_library] ==> ignore, skip following value
    arg [/Library/Developer/CommandLineTools/usr/lib/libLTO.dylib] ==> skip value of -lto_library
    arg [-dynamic] ==> ignore
    arg [-arch] ==> ignore
    arg [x86_64] ==> ignore
    arg [-platform_version] ==> ignore
    arg [macos] ==> ignore
    arg [26.0.0] ==> ignore
    arg [26.2] ==> ignore
    arg [-syslibroot] ==> ignore
    arg [/Library/Developer/CommandLineTools/SDKs/MacOSX26.2.sdk] ==> ignore
    arg [-mllvm] ==> ignore
    arg [-enable-linkonceodr-outlining] ==> ignore
    arg [-o] ==> ignore
    arg [cmTC_fe3f6] ==> ignore
    arg [-search_paths_first] ==> ignore
    arg [-headerpad_max_install_names] ==> ignore
    arg [-v] ==> ignore
    arg [CMakeFiles/cmTC_fe3f6.dir/CMakeCCompilerABI.c.o] ==> ignore
    arg [-lSystem] ==> lib [System]
    arg [/Library/Developer/CommandLineTools/usr/lib/clang/17/lib/darwin/libclang_rt.osx.a] ==> lib [/Library/Developer/CommandLineTools/usr/lib/clang/17/lib/darwin/libclang_rt.osx.a]
  Library search paths: [;/Library/Developer/CommandLineTools/SDKs/MacOSX26.2.sdk/usr/lib;/Library/Developer/CommandLineTools/SDKs/MacOSX26.2.sdk/usr/lib/swift]
  Framework search paths: [;/Library/Developer/CommandLineTools/SDKs/MacOSX26.2.sdk/System/Library/Frameworks]
  remove lib [System]
  remove lib [/Library/Developer/CommandLineTools/usr/lib/clang/17/lib/darwin/libclang_rt.osx.a]
  collapse library dir [/Library/Developer/CommandLineTools/SDKs/MacOSX26.2.sdk/usr/lib] ==> [/Library/Developer/CommandLineTools/SDKs/MacOSX26.2.sdk/usr/lib]
  collapse library dir [/Library/Developer/CommandLineTools/SDKs/MacOSX26.2.sdk/usr/lib/swift] ==> [/Library/Developer/CommandLineTools/SDKs/MacOSX26.2.sdk/usr/lib/swift]
  collapse framework dir [/Library/Developer/CommandLineTools/SDKs/MacOSX26.2.sdk/System/Library/Frameworks] ==> [/Library/Developer/CommandLineTools/SDKs/MacOSX26.2.sdk/System/Library/Frameworks]
  implicit libs: []
  implicit objs: []
  implicit dirs: [/Library/Developer/CommandLineTools/SDKs/MacOSX26.2.sdk/usr/lib;/Library/Developer/CommandLineTools/SDKs/MacOSX26.2.sdk/usr/lib/swift]
  implicit fwks: [/Library/Developer/CommandLineTools/SDKs/MacOSX26.2.sdk/System/Library/Frameworks]


Detecting CXX compiler ABI info compiled with the following output:
Change Dir: /Volumes/Mac Ds/Users/mac/code/github/vk/Vulkan-Samples/build_android/CMakeFiles/CMakeScratch/TryCompile-qy80eM

Run Build Command(s):/usr/bin/make -f Makefile cmTC_13800/fast && /Library/Developer/CommandLineTools/usr/bin/make  -f CMakeFiles/cmTC_13800.dir/build.make CMakeFiles/cmTC_13800.dir/build
Building CXX object CMakeFiles/cmTC_13800.dir/CMakeCXXCompilerABI.cpp.o
/Library/Developer/CommandLineTools/usr/bin/c++   -arch x86_64 -isysroot /Library/Developer/CommandLineTools/SDKs/MacOSX26.2.sdk -mmacosx-version-min=26.0   -v -Wl,-v -MD -MT CMakeFiles/cmTC_13800.dir/CMakeCXXCompilerABI.cpp.o -MF CMakeFiles/cmTC_13800.dir/CMakeCXXCompilerABI.cpp.o.d -o CMakeFiles/cmTC_13800.dir/CMakeCXXCompilerABI.cpp.o -c /usr/local/Cellar/cmake/3.25.2/share/cmake/Modules/CMakeCXXCompilerABI.cpp
Apple clang version 17.0.0 (clang-1700.6.3.2)
Target: x86_64-apple-darwin25.0.0
Thread model: posix
InstalledDir: /Library/Developer/CommandLineTools/usr/bin
c++: warning: -Wl,-v: 'linker' input unused [-Wunused-command-line-argument]
ignoring nonexistent directory "/Library/Developer/CommandLineTools/usr/bin/../include/c++/v1"
 "/Library/Developer/CommandLineTools/usr/bin/clang" -cc1 -triple x86_64-apple-macosx26.0.0 -Wundef-prefix=TARGET_OS_ -Wdeprecated-objc-isa-usage -Werror=deprecated-objc-isa-usage -Werror=implicit-function-declaration -emit-obj -disable-free -clear-ast-before-backend -disable-llvm-verifier -discard-value-names -main-file-name CMakeCXXCompilerABI.cpp -mrelocation-model pic -pic-level 2 -mframe-pointer=all -fno-strict-return -ffp-contract=on -fno-rounding-math -funwind-tables=2 -target-sdk-version=26.2 -fvisibility-inlines-hidden-static-local-var -fdefine-target-os-macros -fno-assume-unique-vtables -fno-modulemap-allow-subdirectory-search -target-cpu penryn -tune-cpu generic -debugger-tuning=lldb "-fdebug-compilation-dir=/Volumes/Mac Ds/Users/mac/code/github/vk/Vulkan-Samples/build_android/CMakeFiles/CMakeScratch/TryCompile-qy80eM" -target-linker-version 1230.1 -v "-fcoverage-compilation-dir=/Volumes/Mac Ds/Users/mac/code/github/vk/Vulkan-Samples/build_android/CMakeFiles/CMakeScratch/TryCompile-qy80eM" -resource-dir /Library/Developer/CommandLineTools/usr/lib/clang/17 -dependency-file CMakeFiles/cmTC_13800.dir/CMakeCXXCompilerABI.cpp.o.d -skip-unused-modulemap-deps -MT CMakeFiles/cmTC_13800.dir/CMakeCXXCompilerABI.cpp.o -sys-header-deps -isysroot /Library/Developer/CommandLineTools/SDKs/MacOSX26.2.sdk -internal-isystem /Library/Developer/CommandLineTools/SDKs/MacOSX26.2.sdk/usr/include/c++/v1 -internal-isystem /Library/Developer/CommandLineTools/SDKs/MacOSX26.2.sdk/usr/local/include -internal-isystem /Library/Developer/CommandLineTools/usr/lib/clang/17/include -internal-externc-isystem /Library/Developer/CommandLineTools/SDKs/MacOSX26.2.sdk/usr/include -internal-externc-isystem /Library/Developer/CommandLineTools/usr/include -internal-iframework /Library/Developer/CommandLineTools/SDKs/MacOSX26.2.sdk/System/Library/Frameworks -internal-iframework /Library/Developer/CommandLineTools/SDKs/MacOSX26.2.sdk/System/Library/SubFrameworks -internal-iframework /Library/Developer/CommandLineTools/SDKs/MacOSX26.2.sdk/Library/Frameworks -Wno-reorder-init-list -Wno-implicit-int-float-conversion -Wno-c99-designator -Wno-final-dtor-non-final-class -Wno-extra-semi-stmt -Wno-misleading-indentation -Wno-quoted-include-in-framework-header -Wno-implicit-fallthrough -Wno-enum-enum-conversion -Wno-enum-float-conversion -Wno-elaborated-enum-base -fdeprecated-macro -ferror-limit 19 -stack-protector 1 -fstack-check -mdarwin-stkchk-strong-link -fblocks -fencode-extended-block-signature -fregister-global-dtors-with-atexit -fgnuc-version=4.2.1 -fno-cxx-modules -fskip-odr-check-in-gmf -fcxx-exceptions -fexceptions -fmax-type-align=16 -fcommon -clang-vendor-feature=+disableNonDependentMemberExprInCurrentInstantiation -fno-odr-hash-protocols -clang-vendor-feature=+enableAggressiveVLAFolding -clang-vendor-feature=+revert09abecef7bbf -clang-vendor-feature=+thisNoAlignAttr -clang-vendor-feature=+thisNoNullAttr -clang-vendor-feature=+disableAtImportPrivateFrameworkInImplementationError -D__GCC_HAVE_DWARF2_CFI_ASM=1 -o CMakeFiles/cmTC_13800.dir/CMakeCXXCompilerABI.cpp.o -x c++ /usr/local/Cellar/cmake/3.25.2/share/cmake/Modules/CMakeCXXCompilerABI.cpp
clang -cc1 version 17.0.0 (clang-1700.6.3.2) default target x86_64-apple-darwin25.0.0
ignoring nonexistent directory "/Library/Developer/CommandLineTools/SDKs/MacOSX26.2.sdk/usr/local/include"
ignoring nonexistent directory "/Library/Developer/CommandLineTools/SDKs/MacOSX26.2.sdk/Library/Frameworks"
#include "..." search starts here:
#include <...> search starts here:
 /Library/Developer/CommandLineTools/SDKs/MacOSX26.2.sdk/usr/include/c++/v1
 /Library/Developer/CommandLineTools/usr/lib/clang/17/include
 /Library/Developer/CommandLineTools/SDKs/MacOSX26.2.sdk/usr/include
 /Library/Developer/CommandLineTools/usr/include
 /Library/Developer/CommandLineTools/SDKs/MacOSX26.2.sdk/System/Library/Frameworks (framework directory)
 /Library/Developer/CommandLineTools/SDKs/MacOSX26.2.sdk/System/Library/SubFrameworks (framework directory)
End of search list.
Linking CXX executable cmTC_13800
/usr/local/Cellar/cmake/3.25.2/bin/cmake -E cmake_link_script CMakeFiles/cmTC_13800.dir/link.txt --verbose=1
/Library/Developer/CommandLineTools/usr/bin/c++  -arch x86_64 -isysroot /Library/Developer/CommandLineTools/SDKs/MacOSX26.2.sdk -mmacosx-version-min=26.0 -Wl,-search_paths_first -Wl,-headerpad_max_install_names  -v -Wl,-v CMakeFiles/cmTC_13800.dir/CMakeCXXCompilerABI.cpp.o -o cmTC_13800 
Apple clang version 17.0.0 (clang-1700.6.3.2)
Target: x86_64-apple-darwin25.0.0
Thread model: posix
InstalledDir: /Library/Developer/CommandLineTools/usr/bin
 "/Library/Developer/CommandLineTools/usr/bin/ld" -demangle -lto_library /Library/Developer/CommandLineTools/usr/lib/libLTO.dylib -dynamic -arch x86_64 -platform_version macos 26.0.0 26.2 -syslibroot /Library/Developer/CommandLineTools/SDKs/MacOSX26.2.sdk -mllvm -enable-linkonceodr-outlining -o cmTC_13800 -search_paths_first -headerpad_max_install_names -v CMakeFiles/cmTC_13800.dir/CMakeCXXCompilerABI.cpp.o -lc++ -lSystem /Library/Developer/CommandLineTools/usr/lib/clang/17/lib/darwin/libclang_rt.osx.a
@(#)PROGRAM:ld PROJECT:ld-1230.1
BUILD 06:35:00 Dec  2 2025
configured to support archs: armv6 armv7 armv7s arm64 arm64e arm64_32 i386 x86_64 x86_64h armv6m armv7k armv7m armv7em armv8m.main armv8.1m.main
will use ld-classic for: armv6 armv7 armv7s i386 armv6m armv7k armv7m armv7em
LTO support using: LLVM version 17.0.0 (static support for 29, runtime is 29)
TAPI support using: Apple TAPI version 17.0.0 (tapi-1700.3.8)
Library search paths:
	/Library/Developer/CommandLineTools/SDKs/MacOSX26.2.sdk/usr/lib
	/Library/Developer/CommandLineTools/SDKs/MacOSX26.2.sdk/usr/lib/swift
Framework search paths:
	/Library/Developer/CommandLineTools/SDKs/MacOSX26.2.sdk/System/Library/Frameworks



Parsed CXX implicit include dir info from above output: rv=done
  found start of include info
  found start of implicit include info
    add: [/Library/Developer/CommandLineTools/SDKs/MacOSX26.2.sdk/usr/include/c++/v1]
    add: [/Library/Developer/CommandLineTools/usr/lib/clang/17/include]
    add: [/Library/Developer/CommandLineTools/SDKs/MacOSX26.2.sdk/usr/include]
    add: [/Library/Developer/CommandLineTools/usr/include]
  end of search list found
  collapse include dir [/Library/Developer/CommandLineTools/SDKs/MacOSX26.2.sdk/usr/include/c++/v1] ==> [/Library/Developer/CommandLineTools/SDKs/MacOSX26.2.sdk/usr/include/c++/v1]
  collapse include dir [/Library/Developer/CommandLineTools/usr/lib/clang/17/include] ==> [/Library/Developer/CommandLineTools/usr/lib/clang/17/include]
  collapse include dir [/Library/Developer/CommandLineTools/SDKs/MacOSX26.2.sdk/usr/include] ==> [/Library/Developer/CommandLineTools/SDKs/MacOSX26.2.sdk/usr/include]
  collapse include dir [/Library/Developer/CommandLineTools/usr/include] ==> [/Library/Developer/CommandLineTools/usr/include]
  implicit include dirs: [/Library/Developer/CommandLineTools/SDKs/MacOSX26.2.sdk/usr/include/c++/v1;/Library/Developer/CommandLineTools/usr/lib/clang/17/include;/Library/Developer/CommandLineTools/SDKs/MacOSX26.2.sdk/usr/include;/Library/Developer/CommandLineTools/usr/include]


Parsed CXX implicit link information from above output:
  link line regex: [^( *|.*[/\])(ld|CMAKE_LINK_STARTFILE-NOTFOUND|([^/\]+-)?ld|collect2)[^/\]*( |$)]
  ignore line: [Change Dir: /Volumes/Mac Ds/Users/mac/code/github/vk/Vulkan-Samples/build_android/CMakeFiles/CMakeScratch/TryCompile-qy80eM]
  ignore line: []
  ignore line: [Run Build Command(s):/usr/bin/make -f Makefile cmTC_13800/fast && /Library/Developer/CommandLineTools/usr/bin/make  -f CMakeFiles/cmTC_13800.dir/build.make CMakeFiles/cmTC_13800.dir/build]
  ignore line: [Building CXX object CMakeFiles/cmTC_13800.dir/CMakeCXXCompilerABI.cpp.o]
  ignore line: [/Library/Developer/CommandLineTools/usr/bin/c++   -arch x86_64 -isysroot /Library/Developer/CommandLineTools/SDKs/MacOSX26.2.sdk -mmacosx-version-min=26.0   -v -Wl -v -MD -MT CMakeFiles/cmTC_13800.dir/CMakeCXXCompilerABI.cpp.o -MF CMakeFiles/cmTC_13800.dir/CMakeCXXCompilerABI.cpp.o.d -o CMakeFiles/cmTC_13800.dir/CMakeCXXCompilerABI.cpp.o -c /usr/local/Cellar/cmake/3.25.2/share/cmake/Modules/CMakeCXXCompilerABI.cpp]
  ignore line: [Apple clang version 17.0.0 (clang-1700.6.3.2)]
  ignore line: [Target: x86_64-apple-darwin25.0.0]
  ignore line: [Thread model: posix]
  ignore line: [InstalledDir: /Library/Developer/CommandLineTools/usr/bin]
  ignore line: [c++: warning: -Wl -v: 'linker' input unused [-Wunused-command-line-argument]]
  ignore line: [ignoring nonexistent directory "/Library/Developer/CommandLineTools/usr/bin/../include/c++/v1"]
  ignore line: [ "/Library/Developer/CommandLineTools/usr/bin/clang" -cc1 -triple x86_64-apple-macosx26.0.0 -Wundef-prefix=TARGET_OS_ -Wdeprecated-objc-isa-usage -Werror=deprecated-objc-isa-usage -Werror=implicit-function-declaration -emit-obj -disable-free -clear-ast-before-backend -disable-llvm-verifier -discard-value-names -main-file-name CMakeCXXCompilerABI.cpp -mrelocation-model pic -pic-level 2 -mframe-pointer=all -fno-strict-return -ffp-contract=on -fno-rounding-math -funwind-tables=2 -target-sdk-version=26.2 -fvisibility-inlines-hidden-static-local-var -fdefine-target-os-macros -fno-assume-unique-vtables -fno-modulemap-allow-subdirectory-search -target-cpu penryn -tune-cpu generic -debugger-tuning=lldb "-fdebug-compilation-dir=/Volumes/Mac Ds/Users/mac/code/github/vk/Vulkan-Samples/build_android/CMakeFiles/CMakeScratch/TryCompile-qy80eM" -target-linker-version 1230.1 -v "-fcoverage-compilation-dir=/Volumes/Mac Ds/Users/mac/code/github/vk/Vulkan-Samples/build_android/CMakeFiles/CMakeScratch/TryCompile-qy80eM" -resource-dir /Library/Developer/CommandLineTools/usr/lib/clang/17 -dependency-file CMakeFiles/cmTC_13800.dir/CMakeCXXCompilerABI.cpp.o.d -skip-unused-modulemap-deps -MT CMakeFiles/cmTC_13800.dir/CMakeCXXCompilerABI.cpp.o -sys-header-deps -isysroot /Library/Developer/CommandLineTools/SDKs/MacOSX26.2.sdk -internal-isystem /Library/Developer/CommandLineTools/SDKs/MacOSX26.2.sdk/usr/include/c++/v1 -internal-isystem /Library/Developer/CommandLineTools/SDKs/MacOSX26.2.sdk/usr/local/include -internal-isystem /Library/Developer/CommandLineTools/usr/lib/clang/17/include -internal-externc-isystem /Library/Developer/CommandLineTools/SDKs/MacOSX26.2.sdk/usr/include -internal-externc-isystem /Library/Developer/CommandLineTools/usr/include -internal-iframework /Library/Developer/CommandLineTools/SDKs/MacOSX26.2.sdk/System/Library/Frameworks -internal-iframework /Library/Developer/CommandLineTools/SDKs/MacOSX26.2.sdk/System/Library/SubFrameworks -internal-iframework /Library/Developer/CommandLineTools/SDKs/MacOSX26.2.sdk/Library/Frameworks -Wno-reorder-init-list -Wno-implicit-int-float-conversion -Wno-c99-designator -Wno-final-dtor-non-final-class -Wno-extra-semi-stmt -Wno-misleading-indentation -Wno-quoted-include-in-framework-header -Wno-implicit-fallthrough -Wno-enum-enum-conversion -Wno-enum-float-conversion -Wno-elaborated-enum-base -fdeprecated-macro -ferror-limit 19 -stack-protector 1 -fstack-check -mdarwin-stkchk-strong-link -fblocks -fencode-extended-block-signature -fregister-global-dtors-with-atexit -fgnuc-version=4.2.1 -fno-cxx-modules -fskip-odr-check-in-gmf -fcxx-exceptions -fexceptions -fmax-type-align=16 -fcommon -clang-vendor-feature=+disableNonDependentMemberExprInCurrentInstantiation -fno-odr-hash-protocols -clang-vendor-feature=+enableAggressiveVLAFolding -clang-vendor-feature=+revert09abecef7bbf -clang-vendor-feature=+thisNoAlignAttr -clang-vendor-feature=+thisNoNullAttr -clang-vendor-feature=+disableAtImportPrivateFrameworkInImplementationError -D__GCC_HAVE_DWARF2_CFI_ASM=1 -o CMakeFiles/cmTC_13800.dir/CMakeCXXCompilerABI.cpp.o -x c++ /usr/local/Cellar/cmake/3.25.2/share/cmake/Modules/CMakeCXXCompilerABI.cpp]
  ignore line: [clang -cc1 version 17.0.0 (clang-1700.6.3.2) default target x86_64-apple-darwin25.0.0]
  ignore line: [ignoring nonexistent directory "/Library/Developer/CommandLineTools/SDKs/MacOSX26.2.sdk/usr/local/include"]
  ignore line: [ignoring nonexistent directory "/Library/Developer/CommandLineTools/SDKs/MacOSX26.2.sdk/Library/Frameworks"]
  ignore line: [#include "..." search starts here:]
  ignore line: [#include <...> search starts here:]
  ignore line: [ /Library/Developer/CommandLineTools/SDKs/MacOSX26.2.sdk/usr/include/c++/v1]
  ignore line: [ /Library/Developer/CommandLineTools/usr/lib/clang/17/include]
  ignore line: [ /Library/Developer/CommandLineTools/SDKs/MacOSX26.2.sdk/usr/include]
  ignore line: [ /Library/Developer/CommandLineTools/usr/include]
  ignore line: [ /Library/Developer/CommandLineTools/SDKs/MacOSX26.2.sdk/System/Library/Frameworks (framework directory)]
  ignore line: [ /Library/Developer/CommandLineTools/SDKs/MacOSX26.2.sdk/System/Library/SubFrameworks (framework directory)]
  ignore line: [End of search list.]
  ignore line: [Linking CXX executable cmTC_13800]
  ignore line: [/usr/local/Cellar/cmake/3.25.2/bin/cmake -E cmake_link_script CMakeFiles/cmTC_13800.dir/link.txt --verbose=1]
  ignore line: [/Library/Developer/CommandLineTools/usr/bin/c++  -arch x86_64 -isysroot /Library/Developer/CommandLineTools/SDKs/MacOSX26.2.sdk -mmacosx-version-min=26.0 -Wl -search_paths_first -Wl -headerpad_max_install_names  -v -Wl -v CMakeFiles/cmTC_13800.dir/CMakeCXXCompilerABI.cpp.o -o cmTC_13800 ]
  ignore line: [Apple clang version 17.0.0 (clang-1700.6.3.2)]
  ignore line: [Target: x86_64-apple-darwin25.0.0]
  ignore line: [Thread model: posix]
  ignore line: [InstalledDir: /Library/Developer/CommandLineTools/usr/bin]
  link line: [ "/Library/Developer/CommandLineTools/usr/bin/ld" -demangle -lto_library /Library/Developer/CommandLineTools/usr/lib/libLTO.dylib -dynamic -arch x86_64 -platform_version macos 26.0.0 26.2 -syslibroot /Library/Developer/CommandLineTools/SDKs/MacOSX26.2.sdk -mllvm -enable-linkonceodr-outlining -o cmTC_13800 -search_paths_first -headerpad_max_install_names -v CMakeFiles/cmTC_13800.dir/CMakeCXXCompilerABI.cpp.o -lc++ -lSystem /Library/Developer/CommandLineTools/usr/lib/clang/17/lib/darwin/libclang_rt.osx.a]
    arg [/Library/Developer/CommandLineTools/usr/bin/ld] ==> ignore
    arg [-demangle] ==> ignore
    arg [-lto_library] ==> ignore, skip following value
    arg [/Library/Developer/CommandLineTools/usr/lib/libLTO.dylib] ==> skip value of -lto_library
    arg [-dynamic] ==> ignore
    arg [-arch] ==> ignore
    arg [x86_64] ==> ignore
    arg [-platform_version] ==> ignore
    arg [macos] ==> ignore
    arg [26.0.0] ==> ignore
    arg [26.2] ==> ignore
    arg [-syslibroot] ==> ignore
    arg [/Library/Developer/CommandLineTools/SDKs/MacOSX26.2.sdk] ==> ignore
    arg [-mllvm] ==> ignore
    arg [-enable-linkonceodr-outlining] ==> ignore
    arg [-o] ==> ignore
    arg [cmTC_13800] ==> ignore
    arg [-search_paths_first] ==> ignore
    arg [-headerpad_max_install_names] ==> ignore
    arg [-v] ==> ignore
    arg [CMakeFiles/cmTC_13800.dir/CMakeCXXCompilerABI.cpp.o] ==> ignore
    arg [-lc++] ==> lib [c++]
    arg [-lSystem] ==> lib [System]
    arg [/Library/Developer/CommandLineTools/usr/lib/clang/17/lib/darwin/libclang_rt.osx.a] ==> lib [/Library/Developer/CommandLineTools/usr/lib/clang/17/lib/darwin/libclang_rt.osx.a]
  Library search paths: [;/Library/Developer/CommandLineTools/SDKs/MacOSX26.2.sdk/usr/lib;/Library/Developer/CommandLineTools/SDKs/MacOSX26.2.sdk/usr/lib/swift]
  Framework search paths: [;/Library/Developer/CommandLineTools/SDKs/MacOSX26.2.sdk/System/Library/Frameworks]
  remove lib [System]
  remove lib [/Library/Developer/CommandLineTools/usr/lib/clang/17/lib/darwin/libclang_rt.osx.a]
  collapse library dir [/Library/Developer/CommandLineTools/SDKs/MacOSX26.2.sdk/usr/lib] ==> [/Library/Developer/CommandLineTools/SDKs/MacOSX26.2.sdk/usr/lib]
  collapse library dir [/Library/Developer/CommandLineTools/SDKs/MacOSX26.2.sdk/usr/lib/swift] ==> [/Library/Developer/CommandLineTools/SDKs/MacOSX26.2.sdk/usr/lib/swift]
  collapse framework dir [/Library/Developer/CommandLineTools/SDKs/MacOSX26.2.sdk/System/Library/Frameworks] ==> [/Library/Developer/CommandLineTools/SDKs/MacOSX26.2.sdk/System/Library/Frameworks]
  implicit libs: [c++]
  implicit objs: []
  implicit dirs: [/Library/Developer/CommandLineTools/SDKs/MacOSX26.2.sdk/usr/lib;/Library/Developer/CommandLineTools/SDKs/MacOSX26.2.sdk/usr/lib/swift]
  implicit fwks: [/Library/Developer/CommandLineTools/SDKs/MacOSX26.2.sdk/System/Library/Frameworks]


Performing C++ SOURCE FILE Test HAVE_CXX_ATOMICS_WITHOUT_LIB succeeded with the following output:
Change Dir: /Volumes/Mac Ds/Users/mac/code/github/vk/Vulkan-Samples/build_android/CMakeFiles/CMakeScratch/TryCompile-N2kVjl

Run Build Command(s):/usr/bin/make -f Makefile cmTC_49b0a/fast && /Library/Developer/CommandLineTools/usr/bin/make  -f CMakeFiles/cmTC_49b0a.dir/build.make CMakeFiles/cmTC_49b0a.dir/build
Building CXX object CMakeFiles/cmTC_49b0a.dir/src.cxx.o
/Library/Developer/CommandLineTools/usr/bin/c++ -DHAVE_CXX_ATOMICS_WITHOUT_LIB  -std=c++11 -arch x86_64 -isysroot /Library/Developer/CommandLineTools/SDKs/MacOSX26.2.sdk -mmacosx-version-min=26.0 -std=gnu++14 -MD -MT CMakeFiles/cmTC_49b0a.dir/src.cxx.o -MF CMakeFiles/cmTC_49b0a.dir/src.cxx.o.d -o CMakeFiles/cmTC_49b0a.dir/src.cxx.o -c "/Volumes/Mac Ds/Users/mac/code/github/vk/Vulkan-Samples/build_android/CMakeFiles/CMakeScratch/TryCompile-N2kVjl/src.cxx"
Linking CXX executable cmTC_49b0a
/usr/local/Cellar/cmake/3.25.2/bin/cmake -E cmake_link_script CMakeFiles/cmTC_49b0a.dir/link.txt --verbose=1
/Library/Developer/CommandLineTools/usr/bin/c++   -std=c++11 -arch x86_64 -isysroot /Library/Developer/CommandLineTools/SDKs/MacOSX26.2.sdk -mmacosx-version-min=26.0 -Wl,-search_paths_first -Wl,-headerpad_max_install_names CMakeFiles/cmTC_49b0a.dir/src.cxx.o -o cmTC_49b0a 


Source file was:

#include <atomic>
std::atomic<int> x;
std::atomic<short> y;
std::atomic<char> z;
int main() {
  ++z;
  ++y;
  return ++x;
}


Performing C++ SOURCE FILE Test HAVE_CXX_ATOMICS64_WITHOUT_LIB succeeded with the following output:
Change Dir: /Volumes/Mac Ds/Users/mac/code/github/vk/Vulkan-Samples/build_android/CMakeFiles/CMakeScratch/TryCompile-QVCq1r

Run Build Command(s):/usr/bin/make -f Makefile cmTC_c6815/fast && /Library/Developer/CommandLineTools/usr/bin/make  -f CMakeFiles/cmTC_c6815.dir/build.make CMakeFiles/cmTC_c6815.dir/build
Building CXX object CMakeFiles/cmTC_c6815.dir/src.cxx.o
/Library/Developer/CommandLineTools/usr/bin/c++ -DHAVE_CXX_ATOMICS64_WITHOUT_LIB  -std=c++11 -arch x86_64 -isysroot /Library/Developer/CommandLineTools/SDKs/MacOSX26.2.sdk -mmacosx-version-min=26.0 -std=gnu++14 -MD -MT CMakeFiles/cmTC_c6815.dir/src.cxx.o -MF CMakeFiles/cmTC_c6815.dir/src.cxx.o.d -o CMakeFiles/cmTC_c6815.dir/src.cxx.o -c "/Volumes/Mac Ds/Users/mac/code/github/vk/Vulkan-Samples/build_android/CMakeFiles/CMakeScratch/TryCompile-QVCq1r/src.cxx"
Linking CXX executable cmTC_c6815
/usr/local/Cellar/cmake/3.25.2/bin/cmake -E cmake_link_script CMakeFiles/cmTC_c6815.dir/link.txt --verbose=1
/Library/Developer/CommandLineTools/usr/bin/c++  -std=c++11 -arch x86_64 -isysroot /Library/Developer/CommandLineTools/SDKs/MacOSX26.2.sdk -mmacosx-version-min=26.0 -Wl,-search_paths_first -Wl,-headerpad_max_install_names CMakeFiles/cmTC_c6815.dir/src.cxx.o -o cmTC_c6815 


Source file was:

#include <atomic>
#include <cstdint>
std::atomic<uint64_t> x (0);
int main() {
  uint64_t i = x.load(std::memory_order_relaxed);
  (void)i;
  return 0;
}


Performing C SOURCE FILE Test CMAKE_HAVE_LIBC_PTHREAD succeeded with the following output:
Change Dir: /Volumes/Mac Ds/Users/mac/code/github/vk/Vulkan-Samples/build_android/CMakeFiles/CMakeScratch/TryCompile-JOpaqb

Run Build Command(s):/usr/bin/make -f Makefile cmTC_afd9e/fast && /Library/Developer/CommandLineTools/usr/bin/make  -f CMakeFiles/cmTC_afd9e.dir/build.make CMakeFiles/cmTC_afd9e.dir/build
Building C object CMakeFiles/cmTC_afd9e.dir/src.c.o
/Library/Developer/CommandLineTools/usr/bin/cc -DCMAKE_HAVE_LIBC_PTHREAD  -arch x86_64 -isysroot /Library/Developer/CommandLineTools/SDKs/MacOSX26.2.sdk -mmacosx-version-min=26.0 -MD -MT CMakeFiles/cmTC_afd9e.dir/src.c.o -MF CMakeFiles/cmTC_afd9e.dir/src.c.o.d -o CMakeFiles/cmTC_afd9e.dir/src.c.o -c "/Volumes/Mac Ds/Users/mac/code/github/vk/Vulkan-Samples/build_android/CMakeFiles/CMakeScratch/TryCompile-JOpaqb/src.c"
Linking C executable cmTC_afd9e
/usr/local/Cellar/cmake/3.25.2/bin/cmake -E cmake_link_script CMakeFiles/cmTC_afd9e.dir/link.txt --verbose=1
/Library/Developer/CommandLineTools/usr/bin/cc  -arch x86_64 -isysroot /Library/Developer/CommandLineTools/SDKs/MacOSX26.2.sdk -mmacosx-version-min=26.0 -Wl,-search_paths_first -Wl,-headerpad_max_install_names CMakeFiles/cmTC_afd9e.dir/src.c.o -o cmTC_afd9e 


Source file was:
#include <pthread.h>

static void* test_func(void* data)
{
  return data;
}

int main(void)
{
  pthread_t thread;
  pthread_create(&thread, NULL, test_func, NULL);
  pthread_detach(thread);
  pthread_cancel(thread);
  pthread_join(thread, NULL);
  pthread_atfork(NULL, NULL, NULL);
  pthread_exit(NULL);

  return 0;
}


